// Jest Snapshot v1, https://goo.gl/fbAQLP

exports[`encodeAsCUDFPackage() 1`] = `
Object {
  "conflicts": null,
  "depends": Object {
    "and": Array [
      Object {
        "or": Array [
          Object {
            "name": "dep",
            "op": ">=",
            "version": 2000001,
          },
        ],
      },
      Object {
        "or": Array [
          Object {
            "name": "dep",
            "op": "<",
            "version": 3000001,
          },
        ],
      },
      Object {
        "or": Array [
          Object {
            "name": "react",
            "op": ">=",
            "version": 14001,
          },
          Object {
            "name": "react",
            "op": ">=",
            "version": 15000001,
          },
        ],
      },
      Object {
        "or": Array [
          Object {
            "name": "react",
            "op": ">=",
            "version": 14001,
          },
          Object {
            "name": "react",
            "op": "<",
            "version": 16000001,
          },
        ],
      },
      Object {
        "or": Array [
          Object {
            "name": "react",
            "op": "<",
            "version": 15001,
          },
          Object {
            "name": "react",
            "op": ">=",
            "version": 15000001,
          },
        ],
      },
      Object {
        "or": Array [
          Object {
            "name": "react",
            "op": "<",
            "version": 15001,
          },
          Object {
            "name": "react",
            "op": "<",
            "version": 16000001,
          },
        ],
      },
    ],
  },
  "installed": null,
  "keep": null,
  "package": "app",
  "provides": null,
  "version": 1000001,
  "wasInstalled": null,
}
`;
